23.239.196.71 - - [11/Feb/2014:22:38:04 +0100] "GET / HTTP/1.0" 200 56 "http://www.securedthoughts.com/" "Mozilla/4.0 (compatible)"
66.249.16.211 - - [12/Feb/2014:00:37:13 +0100] "GET / HTTP/1.0" 200 56 "http://whois.domaintools.com/securedthoughts.com" "Mozilla/5.0 (compatible; Googlebot/2.1; +http://www.google.com/bot.html)"
66.249.78.145 - - [12/Feb/2014:02:06:11 +0100] "GET /robots.txt HTTP/1.0" 404 208 "-" "Mozilla/5.0 (compatible; Googlebot/2.1; +http://www.google.com/bot.html)"
66.249.78.145 - - [12/Feb/2014:02:06:12 +0100] "GET / HTTP/1.0" 200 56 "-" "Mozilla/5.0 (compatible; Googlebot/2.1; +http://www.google.com/bot.html)"
66.249.78.26 - - [12/Feb/2014:02:13:08 +0100] "GET /robots.txt HTTP/1.0" 404 208 "-" "Mozilla/5.0 (compatible; Googlebot/2.1; +http://www.google.com/bot.html)"
66.249.78.26 - - [12/Feb/2014:02:13:08 +0100] "GET / HTTP/1.0" 200 56 "-" "Mozilla/5.0 (compatible; Googlebot/2.1; +http://www.google.com/bot.html)"
206.183.1.74 - - [12/Feb/2014:22:08:24 +0100] "GET /robots.txt HTTP/1.0" 404 208 "-" "Mozilla/4.0 (compatible; http://search.thunderstone.com/texis/websearch/about.html)"
206.183.1.74 - - [12/Feb/2014:22:08:24 +0100] "GET / HTTP/1.0" 200 56 "-" "Mozilla/4.0 (compatible; http://search.thunderstone.com/texis/websearch/about.html)"
23.239.196.71 - - [12/Feb/2014:22:29:46 +0100] "GET / HTTP/1.0" 200 56 "http://www.securedthoughts.com/" "Mozilla/4.0 (compatible)"
50.179.181.120 - - [13/Feb/2014:03:56:00 +0100] "GET / HTTP/1.0" 200 56 "-" "Mozilla/5.0 (Windows NT 6.1; WOW64) AppleWebKit/537.36 (KHTML, like Gecko) Chrome/32.0.1700.107 Safari/537.36"
50.179.181.120 - - [13/Feb/2014:03:56:01 +0100] "GET /favicon.ico HTTP/1.0" 404 209 "-" "Mozilla/5.0 (Windows NT 6.1; WOW64) AppleWebKit/537.36 (KHTML, like Gecko) Chrome/32.0.1700.107 Safari/537.36"
198.101.238.203 - - [13/Feb/2014:22:07:21 +0100] "GET / HTTP/1.0" 200 56 "-" "Mozilla/5.0 (Windows NT 6.1; WOW64) AppleWebKit/534.24 (KHTML, like Gecko) Chrome/11.0.696.71 Safari/534.24"
195.250.34.144 - - [14/Feb/2014:00:27:18 +0100] "GET /wp-login.php HTTP/1.0" 404 210 "-" "Mozilla/5.0 (Windows NT 6.1) AppleWebKit/537.1 (KHTML, like Gecko) Chrome/23.0.1271.6 Safari/537.11"
195.250.34.144 - - [14/Feb/2014:00:27:18 +0100] "GET /administrator/ HTTP/1.0" 404 212 "-" "Mozilla/5.0 (Windows NT 6.1) AppleWebKit/537.1 (KHTML, like Gecko) Chrome/23.0.1271.6 Safari/537.11"
195.250.34.144 - - [14/Feb/2014:00:27:18 +0100] "GET /admin.php HTTP/1.0" 404 207 "-" "Mozilla/5.0 (Windows NT 6.1) AppleWebKit/537.1 (KHTML, like Gecko) Chrome/23.0.1271.6 Safari/537.11"
64.246.165.210 - - [14/Feb/2014:02:33:40 +0100] "GET /robots.txt HTTP/1.0" 404 208 "-" "Mozilla/5.0 (Windows; U; Windows NT 5.1; en; rv:1.9.0.13) Gecko/2009073022 Firefox/3.5.2 (.NET CLR 3.5.30729) SurveyBot/2.3 (DomainTools)"
64.246.165.210 - - [14/Feb/2014:02:33:40 +0100] "GET / HTTP/1.0" 200 56 "http://whois.domaintools.com/securedthoughts.com" "Mozilla/5.0 (Windows; U; Windows NT 5.1; en; rv:1.9.0.13) Gecko/2009073022 Firefox/3.5.2 (.NET CLR 3.5.30729) SurveyBot/2.3 (DomainTools)"
198.101.238.203 - - [14/Feb/2014:07:35:16 +0100] "GET / HTTP/1.0" 200 56 "-" "Mozilla/5.0 (Windows NT 6.1; WOW64) AppleWebKit/534.24 (KHTML, like Gecko) Chrome/11.0.696.71 Safari/534.24"
198.101.238.203 - - [14/Feb/2014:11:17:24 +0100] "GET / HTTP/1.0" 200 56 "-" "Mozilla/5.0 (Windows NT 6.1; WOW64) AppleWebKit/534.24 (KHTML, like Gecko) Chrome/11.0.696.71 Safari/534.24"
192.237.216.89 - - [14/Feb/2014:13:37:10 +0100] "GET / HTTP/1.0" 200 56 "-" "Mozilla/5.0 (Windows NT 6.1; WOW64) AppleWebKit/534.24 (KHTML, like Gecko) Chrome/11.0.696.71 Safari/534.24"
64.71.131.87 - - [14/Feb/2014:23:15:10 +0100] "GET / HTTP/1.0" 200 56 "-" "SEO ROBOT"
64.71.131.87 - - [14/Feb/2014:23:15:11 +0100] "HEAD / HTTP/1.0" 200 - "-" "PECL::HTTP/1.7.6 (PHP/5.3.3)"
50.179.181.120 - - [15/Feb/2014:01:52:36 +0100] "GET / HTTP/1.0" 200 56 "-" "Mozilla/5.0 (Linux; Android 4.3; Nexus 7 Build/JLS36C) AppleWebKit/537.36 (KHTML, like Gecko) Chrome/32.0.1700.99 Safari/537.36"
50.179.181.120 - - [15/Feb/2014:01:53:06 +0100] "GET / HTTP/1.0" 200 56 "-" "Mozilla/5.0 (Linux; Android 4.3; Nexus 7 Build/JLS36C) AppleWebKit/537.36 (KHTML, like Gecko) Chrome/32.0.1700.99 Safari/537.36"
50.179.181.120 - - [15/Feb/2014:01:53:29 +0100] "GET / HTTP/1.0" 200 56 "-" "Mozilla/5.0 (Linux; Android 4.3; Nexus 7 Build/JLS36C) AppleWebKit/537.36 (KHTML, like Gecko) Chrome/32.0.1700.99 Safari/537.36"
50.179.181.120 - - [15/Feb/2014:01:54:58 +0100] "GET / HTTP/1.0" 200 56 "-" "Mozilla/5.0 (Linux; Android 4.3; Nexus 7 Build/JLS36C) AppleWebKit/537.36 (KHTML, like Gecko) Chrome/32.0.1700.99 Safari/537.36"
50.179.181.120 - - [15/Feb/2014:02:39:43 +0100] "GET / HTTP/1.0" 200 56 "-" "Mozilla/5.0 (Linux; Android 4.3; Nexus 7 Build/JLS36C) AppleWebKit/537.36 (KHTML, like Gecko) Chrome/32.0.1700.99 Safari/537.36"
50.179.181.120 - - [15/Feb/2014:03:03:33 +0100] "GET / HTTP/1.0" 200 56 "-" "Mozilla/5.0 (Windows NT 6.1; WOW64) AppleWebKit/537.36 (KHTML, like Gecko) Chrome/32.0.1700.107 Safari/537.36"
50.179.181.120 - - [15/Feb/2014:03:03:34 +0100] "GET /favicon.ico HTTP/1.0" 404 209 "-" "Mozilla/5.0 (Windows NT 6.1; WOW64) AppleWebKit/537.36 (KHTML, like Gecko) Chrome/32.0.1700.107 Safari/537.36"
66.249.76.170 - - [15/Feb/2014:08:12:49 +0100] "GET /robots.txt HTTP/1.0" 404 208 "-" "Mozilla/5.0 (compatible; Googlebot/2.1; +http://www.google.com/bot.html)"
66.249.76.170 - - [15/Feb/2014:08:12:49 +0100] "GET / HTTP/1.0" 200 56 "-" "Mozilla/5.0 (compatible; Googlebot/2.1; +http://www.google.com/bot.html)"
66.249.76.150 - - [15/Feb/2014:08:28:25 +0100] "GET /robots.txt HTTP/1.0" 404 208 "-" "Mozilla/5.0 (compatible; Googlebot/2.1; +http://www.google.com/bot.html)"
66.249.76.150 - - [15/Feb/2014:08:28:26 +0100] "GET / HTTP/1.0" 200 56 "-" "Mozilla/5.0 (compatible; Googlebot/2.1; +http://www.google.com/bot.html)"
50.179.181.120 - - [17/Feb/2014:04:25:20 +0100] "GET / HTTP/1.0" 200 56 "-" "Mozilla/5.0 (Windows NT 6.1; WOW64) AppleWebKit/537.36 (KHTML, like Gecko) Chrome/32.0.1700.107 Safari/537.36"
50.179.181.120 - - [17/Feb/2014:07:46:27 +0100] "GET / HTTP/1.0" 200 56 "-" "Mozilla/5.0 (Windows NT 6.1; WOW64) AppleWebKit/537.36 (KHTML, like Gecko) Chrome/32.0.1700.107 Safari/537.36"
192.96.204.42 - - [17/Feb/2014:15:49:10 +0100] "GET / HTTP/1.0" 200 56 "-" "Mozilla/5.0 (Windows NT 5.1) AppleWebKit/537.36 (KHTML, like Gecko) Chrome/31.0.1650.16 Safari/537.36"
38.99.82.235 - - [17/Feb/2014:23:13:18 +0100] "GET /robots.txt HTTP/1.0" 404 208 "-" "Mozilla/4.0 (compatible; MSIE 7.0b; Windows NT 6.0)"
38.99.82.235 - - [17/Feb/2014:23:13:27 +0100] "GET / HTTP/1.0" 200 56 "-" "Mozilla/4.0 (compatible; MSIE 7.0b; Windows NT 6.0)"
38.99.82.235 - - [17/Feb/2014:23:14:53 +0100] "GET /robots.txt HTTP/1.0" 404 208 "-" "Mozilla/4.0 (compatible; MSIE 7.0b; Windows NT 6.0)"
38.99.82.235 - - [17/Feb/2014:23:14:59 +0100] "GET / HTTP/1.0" 200 56 "-" "Mozilla/4.0 (compatible; MSIE 7.0b; Windows NT 6.0)"
50.240.154.122 - - [17/Feb/2014:23:53:41 +0100] "GET /cpanel HTTP/1.0" 301 - "-" "Mozilla/5.0 (Windows NT 6.1; WOW64) AppleWebKit/537.36 (KHTML, like Gecko) Chrome/32.0.1700.107 Safari/537.36"
66.249.78.145 - - [18/Feb/2014:11:08:41 +0100] "GET /robots.txt HTTP/1.0" 404 208 "-" "Mozilla/5.0 (compatible; Googlebot/2.1; +http://www.google.com/bot.html)"
66.249.78.145 - - [18/Feb/2014:11:08:41 +0100] "GET / HTTP/1.0" 200 56 "-" "Mozilla/5.0 (compatible; Googlebot/2.1; +http://www.google.com/bot.html)"
66.249.78.145 - - [19/Feb/2014:12:47:22 +0100] "GET /robots.txt HTTP/1.0" 404 208 "-" "Mozilla/5.0 (compatible; Googlebot/2.1; +http://www.google.com/bot.html)"
66.249.78.145 - - [19/Feb/2014:12:47:23 +0100] "GET / HTTP/1.0" 200 56 "-" "Mozilla/5.0 (compatible; Googlebot/2.1; +http://www.google.com/bot.html)"
64.71.131.87 - - [20/Feb/2014:04:37:36 +0100] "GET / HTTP/1.0" 200 56 "-" "SEO ROBOT"
180.76.6.52 - - [20/Feb/2014:15:50:21 +0100] "GET /robots.txt HTTP/1.0" 404 208 "-" "Mozilla/5.0 (Windows NT 5.1; rv:6.0.2) Gecko/20100101 Firefox/6.0.2"
37.200.65.208 - - [20/Feb/2014:16:25:58 +0100] "GET / HTTP/1.0" 200 56 "-" "Mozilla/5.0 (X11; Ubuntu; Linux x86_64; rv:11.0) Gecko/20100101 Firefox/11.0"
50.179.181.120 - - [21/Feb/2014:07:37:14 +0100] "GET /cpanel HTTP/1.0" 301 - "-" "Mozilla/5.0 (Windows NT 6.1; WOW64) AppleWebKit/537.36 (KHTML, like Gecko) Chrome/32.0.1700.107 Safari/537.36"
66.249.78.26 - - [21/Feb/2014:07:40:05 +0100] "GET /robots.txt HTTP/1.0" 404 208 "-" "Mozilla/5.0 (compatible; Googlebot/2.1; +http://www.google.com/bot.html)"
66.249.78.26 - - [21/Feb/2014:07:40:05 +0100] "GET / HTTP/1.0" 200 56 "-" "Mozilla/5.0 (compatible; Googlebot/2.1; +http://www.google.com/bot.html)"
50.179.181.120 - - [21/Feb/2014:08:20:46 +0100] "GET / HTTP/1.0" 200 56 "-" "Mozilla/5.0 (Windows NT 6.1; WOW64) AppleWebKit/537.36 (KHTML, like Gecko) Chrome/32.0.1700.107 Safari/537.36"
50.179.181.120 - - [21/Feb/2014:08:20:46 +0100] "GET /favicon.ico HTTP/1.0" 404 209 "-" "Mozilla/5.0 (Windows NT 6.1; WOW64) AppleWebKit/537.36 (KHTML, like Gecko) Chrome/32.0.1700.107 Safari/537.36"
66.249.78.145 - - [21/Feb/2014:11:08:42 +0100] "GET /robots.txt HTTP/1.0" 404 208 "-" "Mozilla/5.0 (compatible; Googlebot/2.1; +http://www.google.com/bot.html)"
66.249.78.145 - - [21/Feb/2014:11:08:42 +0100] "GET / HTTP/1.0" 200 56 "-" "Mozilla/5.0 (compatible; Googlebot/2.1; +http://www.google.com/bot.html)"
180.76.5.28 - - [21/Feb/2014:15:07:12 +0100] "GET / HTTP/1.0" 200 56 "-" "Mozilla/5.0 (compatible; Baiduspider/2.0; +http://www.baidu.com/search/spider.html)"
50.179.181.120 - - [21/Feb/2014:16:57:53 +0100] "GET / HTTP/1.0" 200 56 "-" "Mozilla/5.0 (Windows NT 6.1; WOW64) AppleWebKit/537.36 (KHTML, like Gecko) Chrome/32.0.1700.107 Safari/537.36"
50.179.181.120 - - [21/Feb/2014:16:57:57 +0100] "GET / HTTP/1.0" 200 56 "-" "Mozilla/5.0 (Windows NT 6.1; WOW64) AppleWebKit/537.36 (KHTML, like Gecko) Chrome/32.0.1700.107 Safari/537.36"
66.249.78.26 - - [21/Feb/2014:21:20:00 +0100] "GET /robots.txt HTTP/1.0" 404 208 "-" "Mozilla/5.0 (compatible; Googlebot/2.1; +http://www.google.com/bot.html)"
66.249.78.26 - - [21/Feb/2014:21:20:00 +0100] "GET / HTTP/1.0" 200 56 "-" "Mozilla/5.0 (compatible; Googlebot/2.1; +http://www.google.com/bot.html)"
157.56.93.50 - - [22/Feb/2014:05:01:36 +0100] "GET /robots.txt HTTP/1.0" 404 208 "-" "Mozilla/5.0 (compatible; bingbot/2.0; +http://www.bing.com/bingbot.htm)"
157.56.93.50 - - [22/Feb/2014:05:18:02 +0100] "GET / HTTP/1.0" 200 56 "-" "Mozilla/5.0 (compatible; bingbot/2.0; +http://www.bing.com/bingbot.htm)"
50.179.181.120 - - [22/Feb/2014:05:24:43 +0100] "GET /cpanel HTTP/1.0" 301 - "-" "Mozilla/5.0 (Windows NT 6.1; WOW64) AppleWebKit/537.36 (KHTML, like Gecko) Chrome/32.0.1700.107 Safari/537.36"
50.179.181.120 - - [22/Feb/2014:05:24:48 +0100] "GET / HTTP/1.0" 200 56 "-" "Mozilla/5.0 (Windows NT 6.1; WOW64) AppleWebKit/537.36 (KHTML, like Gecko) Chrome/32.0.1700.107 Safari/537.36"
50.179.181.120 - - [22/Feb/2014:08:43:56 +0100] "GET / HTTP/1.0" 200 56 "-" "Mozilla/5.0 (Windows NT 6.1; WOW64) AppleWebKit/537.36 (KHTML, like Gecko) Chrome/32.0.1700.107 Safari/537.36"
